2025-07-01 14:04:55,316 - INFO - Starting training run
2025-07-01 14:04:55,318 - INFO - Full configuration:
data:
  location: data/ml_data_*
  x:
  - E0
  - E1
  - Esum
  - dt0
  - dt1
  y:
  - Es
  - AoEs
model:
  name: PSDEmulatorIQN
  network_type: no normalizing
output:
  log_path: output/logs/training.log
  loss_csv: output/data/training_loss.csv
  model_path: output/emulator.pt
  norm_path: output/data/normalisation.json
  sampling_log_path: output/logs/sampling.log
  sampling_path: output/data/emulator_samples.h5
  test_idx: output/data/test_idx.npy
  train_idx: output/data/train_idx.npy
random_seed: 42
sampling:
  batch_size: 5000
  num_samples: 1000
structure:
  hidden: 5
  layer_output_dims: 1
  width: 50
training:
  batch_size: 512
  cycles: 4
  epochs: 100
  initiallr: 0.001
  patience: 100
  test_size: 0.3333
  val_size: 0.1

2025-07-01 14:04:55,320 - INFO - Loading data/ml_data_1.json
2025-07-01 14:04:55,415 - INFO - Loading data/ml_data_10.json
2025-07-01 14:04:55,500 - INFO - Loading data/ml_data_2.json
2025-07-01 14:04:55,580 - INFO - Loading data/ml_data_3.json
2025-07-01 14:04:55,659 - INFO - Loading data/ml_data_4.json
2025-07-01 14:04:55,739 - INFO - Loading data/ml_data_5.json
2025-07-01 14:04:55,819 - INFO - Loading data/ml_data_6.json
2025-07-01 14:04:55,901 - INFO - Loading data/ml_data_7.json
2025-07-01 14:04:55,992 - INFO - Loading data/ml_data_8.json
2025-07-01 14:04:56,075 - INFO - Loading data/ml_data_9.json
2025-07-01 14:04:56,168 - INFO - Data loaded with shapes - X: (193339, 5), Y: (193339, 2)
2025-07-01 14:04:56,168 - INFO - Data loaded: 193339 total events
2025-07-01 14:04:56,169 - INFO - Splitting train/test using seed 42
2025-07-01 14:04:56,174 - INFO - Train/test indexes saved: output/data/train_idx.npy, output/data/test_idx.npy
2025-07-01 14:04:56,181 - INFO - Train/test split done. Train X shape: (128899, 5), Test X shape: (64440, 5)
2025-07-01 14:04:56,193 - INFO - Normalization info saved to output/data/normalisation.json
2025-07-01 14:04:56,203 - INFO - make_dataset returned shapes: x_val (257798, 8), y_val (257798, 1)
2025-07-01 14:04:56,729 - INFO - Saved raw feature plot: plots/train_in_feature_0.png
2025-07-01 14:04:56,890 - INFO - Saved raw feature plot: plots/train_in_feature_1.png
2025-07-01 14:04:57,040 - INFO - Saved raw feature plot: plots/train_in_feature_2.png
2025-07-01 14:04:57,196 - INFO - Saved raw feature plot: plots/train_in_feature_3.png
2025-07-01 14:04:57,424 - INFO - Saved raw feature plot: plots/train_in_feature_4.png
2025-07-01 14:04:57,574 - INFO - Saved raw feature plot: plots/train_out_feature_0.png
2025-07-01 14:04:57,724 - INFO - Saved raw feature plot: plots/train_out_feature_1.png
2025-07-01 14:04:57,872 - INFO - Saved normalized feature plot: plots/train_norm_in_feature_0.png
2025-07-01 14:04:58,095 - INFO - Saved normalized feature plot: plots/train_norm_in_feature_1.png
2025-07-01 14:04:58,243 - INFO - Saved normalized feature plot: plots/train_norm_in_feature_2.png
2025-07-01 14:04:58,391 - INFO - Saved normalized feature plot: plots/train_norm_in_feature_3.png
2025-07-01 14:04:58,543 - INFO - Saved normalized feature plot: plots/train_norm_in_feature_4.png
2025-07-01 14:04:58,761 - INFO - Saved normalized feature plot: plots/train_norm_out_feature_0.png
2025-07-01 14:04:58,909 - INFO - Saved normalized feature plot: plots/train_norm_out_feature_1.png
2025-07-01 14:04:59,064 - INFO - Saved one-hot input histogram: plots/iqn_input_feature_2_ohe_5.png
2025-07-01 14:04:59,209 - INFO - Saved one-hot output histogram: plots/iqn_output_feature_ohe_5.png
2025-07-01 14:05:00,012 - INFO - Saved input vs output scatter: plots/iqn_input_vs_output_ohe_5.png
2025-07-01 14:05:00,158 - INFO - Saved one-hot input histogram: plots/iqn_input_feature_2_ohe_6.png
2025-07-01 14:05:00,308 - INFO - Saved one-hot output histogram: plots/iqn_output_feature_ohe_6.png
2025-07-01 14:05:01,070 - INFO - Saved input vs output scatter: plots/iqn_input_vs_output_ohe_6.png
2025-07-01 14:05:01,074 - INFO - Model initialized
2025-07-01 14:05:02,340 - INFO - Starting training cycle 1 with LR=1.0e-03
2025-07-01 14:07:25,035 - INFO - Starting training cycle 2 with LR=1.0e-04
2025-07-01 14:09:46,670 - INFO - Starting training cycle 3 with LR=1.0e-05
2025-07-01 14:10:17,880 - INFO - Early stopping triggered
2025-07-01 14:10:17,885 - INFO - Early stopping triggered, restoring best weights
2025-07-01 14:10:17,894 - INFO - Model saved to output/emulator.pt
2025-07-01 14:10:17,904 - INFO - Final losses:
2025-07-01 14:10:17,904 - INFO - Epoch   1 | Train Loss: 0.129323 | Val Loss: 0.091075
2025-07-01 14:10:17,904 - INFO - Epoch   2 | Train Loss: 0.087642 | Val Loss: 0.088252
2025-07-01 14:10:17,904 - INFO - Epoch   3 | Train Loss: 0.084732 | Val Loss: 0.081320
2025-07-01 14:10:17,904 - INFO - Epoch   4 | Train Loss: 0.080400 | Val Loss: 0.077817
2025-07-01 14:10:17,904 - INFO - Epoch   5 | Train Loss: 0.073228 | Val Loss: 0.068845
2025-07-01 14:10:17,904 - INFO - Epoch   6 | Train Loss: 0.066000 | Val Loss: 0.065335
2025-07-01 14:10:17,904 - INFO - Epoch   7 | Train Loss: 0.062665 | Val Loss: 0.061467
2025-07-01 14:10:17,904 - INFO - Epoch   8 | Train Loss: 0.060459 | Val Loss: 0.058649
2025-07-01 14:10:17,904 - INFO - Epoch   9 | Train Loss: 0.059111 | Val Loss: 0.057913
2025-07-01 14:10:17,904 - INFO - Epoch  10 | Train Loss: 0.058329 | Val Loss: 0.058273
2025-07-01 14:10:17,904 - INFO - Epoch  11 | Train Loss: 0.057866 | Val Loss: 0.057681
2025-07-01 14:10:17,904 - INFO - Epoch  12 | Train Loss: 0.057481 | Val Loss: 0.061368
2025-07-01 14:10:17,904 - INFO - Epoch  13 | Train Loss: 0.057353 | Val Loss: 0.057521
2025-07-01 14:10:17,904 - INFO - Epoch  14 | Train Loss: 0.056720 | Val Loss: 0.056944
2025-07-01 14:10:17,904 - INFO - Epoch  15 | Train Loss: 0.056712 | Val Loss: 0.055220
2025-07-01 14:10:17,904 - INFO - Epoch  16 | Train Loss: 0.056474 | Val Loss: 0.056957
2025-07-01 14:10:17,904 - INFO - Epoch  17 | Train Loss: 0.056172 | Val Loss: 0.055370
2025-07-01 14:10:17,904 - INFO - Epoch  18 | Train Loss: 0.056083 | Val Loss: 0.055244
2025-07-01 14:10:17,904 - INFO - Epoch  19 | Train Loss: 0.055599 | Val Loss: 0.055959
2025-07-01 14:10:17,904 - INFO - Epoch  20 | Train Loss: 0.055730 | Val Loss: 0.055683
2025-07-01 14:10:17,904 - INFO - Epoch  21 | Train Loss: 0.055259 | Val Loss: 0.055941
2025-07-01 14:10:17,904 - INFO - Epoch  22 | Train Loss: 0.055643 | Val Loss: 0.055195
2025-07-01 14:10:17,904 - INFO - Epoch  23 | Train Loss: 0.055149 | Val Loss: 0.055878
2025-07-01 14:10:17,904 - INFO - Epoch  24 | Train Loss: 0.055141 | Val Loss: 0.055132
2025-07-01 14:10:17,904 - INFO - Epoch  25 | Train Loss: 0.055319 | Val Loss: 0.054792
2025-07-01 14:10:17,904 - INFO - Epoch  26 | Train Loss: 0.054827 | Val Loss: 0.055725
2025-07-01 14:10:17,904 - INFO - Epoch  27 | Train Loss: 0.054698 | Val Loss: 0.057421
2025-07-01 14:10:17,904 - INFO - Epoch  28 | Train Loss: 0.054842 | Val Loss: 0.056562
2025-07-01 14:10:17,904 - INFO - Epoch  29 | Train Loss: 0.054686 | Val Loss: 0.054464
2025-07-01 14:10:17,904 - INFO - Epoch  30 | Train Loss: 0.054601 | Val Loss: 0.055079
2025-07-01 14:10:17,904 - INFO - Epoch  31 | Train Loss: 0.054382 | Val Loss: 0.055397
2025-07-01 14:10:17,904 - INFO - Epoch  32 | Train Loss: 0.054605 | Val Loss: 0.053990
2025-07-01 14:10:17,905 - INFO - Epoch  33 | Train Loss: 0.054309 | Val Loss: 0.054945
2025-07-01 14:10:17,905 - INFO - Epoch  34 | Train Loss: 0.054331 | Val Loss: 0.053884
2025-07-01 14:10:17,905 - INFO - Epoch  35 | Train Loss: 0.054468 | Val Loss: 0.054070
2025-07-01 14:10:17,905 - INFO - Epoch  36 | Train Loss: 0.054271 | Val Loss: 0.054568
2025-07-01 14:10:17,905 - INFO - Epoch  37 | Train Loss: 0.054491 | Val Loss: 0.054787
2025-07-01 14:10:17,905 - INFO - Epoch  38 | Train Loss: 0.054223 | Val Loss: 0.054297
2025-07-01 14:10:17,905 - INFO - Epoch  39 | Train Loss: 0.054074 | Val Loss: 0.054742
2025-07-01 14:10:17,905 - INFO - Epoch  40 | Train Loss: 0.054494 | Val Loss: 0.054075
2025-07-01 14:10:17,905 - INFO - Epoch  41 | Train Loss: 0.054146 | Val Loss: 0.054512
2025-07-01 14:10:17,905 - INFO - Epoch  42 | Train Loss: 0.054060 | Val Loss: 0.054508
2025-07-01 14:10:17,905 - INFO - Epoch  43 | Train Loss: 0.053896 | Val Loss: 0.056054
2025-07-01 14:10:17,905 - INFO - Epoch  44 | Train Loss: 0.053976 | Val Loss: 0.054584
2025-07-01 14:10:17,905 - INFO - Epoch  45 | Train Loss: 0.053981 | Val Loss: 0.054407
2025-07-01 14:10:17,905 - INFO - Epoch  46 | Train Loss: 0.053962 | Val Loss: 0.054564
2025-07-01 14:10:17,905 - INFO - Epoch  47 | Train Loss: 0.054137 | Val Loss: 0.054870
2025-07-01 14:10:17,905 - INFO - Epoch  48 | Train Loss: 0.053664 | Val Loss: 0.055060
2025-07-01 14:10:17,905 - INFO - Epoch  49 | Train Loss: 0.053833 | Val Loss: 0.053971
2025-07-01 14:10:17,905 - INFO - Epoch  50 | Train Loss: 0.053977 | Val Loss: 0.055964
2025-07-01 14:10:17,905 - INFO - Epoch  51 | Train Loss: 0.053827 | Val Loss: 0.054413
2025-07-01 14:10:17,905 - INFO - Epoch  52 | Train Loss: 0.054011 | Val Loss: 0.054115
2025-07-01 14:10:17,905 - INFO - Epoch  53 | Train Loss: 0.053610 | Val Loss: 0.054045
2025-07-01 14:10:17,905 - INFO - Epoch  54 | Train Loss: 0.053572 | Val Loss: 0.054868
2025-07-01 14:10:17,905 - INFO - Epoch  55 | Train Loss: 0.053863 | Val Loss: 0.054018
2025-07-01 14:10:17,905 - INFO - Epoch  56 | Train Loss: 0.053690 | Val Loss: 0.054638
2025-07-01 14:10:17,905 - INFO - Epoch  57 | Train Loss: 0.053652 | Val Loss: 0.056672
2025-07-01 14:10:17,905 - INFO - Epoch  58 | Train Loss: 0.053554 | Val Loss: 0.055239
2025-07-01 14:10:17,905 - INFO - Epoch  59 | Train Loss: 0.053411 | Val Loss: 0.055862
2025-07-01 14:10:17,905 - INFO - Epoch  60 | Train Loss: 0.053445 | Val Loss: 0.054718
2025-07-01 14:10:17,905 - INFO - Epoch  61 | Train Loss: 0.053346 | Val Loss: 0.053349
2025-07-01 14:10:17,905 - INFO - Epoch  62 | Train Loss: 0.053682 | Val Loss: 0.054283
2025-07-01 14:10:17,905 - INFO - Epoch  63 | Train Loss: 0.053612 | Val Loss: 0.054180
2025-07-01 14:10:17,905 - INFO - Epoch  64 | Train Loss: 0.053310 | Val Loss: 0.053997
2025-07-01 14:10:17,905 - INFO - Epoch  65 | Train Loss: 0.053223 | Val Loss: 0.054421
2025-07-01 14:10:17,905 - INFO - Epoch  66 | Train Loss: 0.053022 | Val Loss: 0.054360
2025-07-01 14:10:17,905 - INFO - Epoch  67 | Train Loss: 0.053400 | Val Loss: 0.054854
2025-07-01 14:10:17,905 - INFO - Epoch  68 | Train Loss: 0.053283 | Val Loss: 0.053660
2025-07-01 14:10:17,905 - INFO - Epoch  69 | Train Loss: 0.053239 | Val Loss: 0.055606
2025-07-01 14:10:17,905 - INFO - Epoch  70 | Train Loss: 0.053107 | Val Loss: 0.055044
2025-07-01 14:10:17,906 - INFO - Epoch  71 | Train Loss: 0.053557 | Val Loss: 0.054307
2025-07-01 14:10:17,906 - INFO - Epoch  72 | Train Loss: 0.053266 | Val Loss: 0.052835
2025-07-01 14:10:17,906 - INFO - Epoch  73 | Train Loss: 0.053022 | Val Loss: 0.053734
2025-07-01 14:10:17,906 - INFO - Epoch  74 | Train Loss: 0.053288 | Val Loss: 0.054114
2025-07-01 14:10:17,906 - INFO - Epoch  75 | Train Loss: 0.053228 | Val Loss: 0.054094
2025-07-01 14:10:17,906 - INFO - Epoch  76 | Train Loss: 0.053159 | Val Loss: 0.053700
2025-07-01 14:10:17,906 - INFO - Epoch  77 | Train Loss: 0.053290 | Val Loss: 0.054132
2025-07-01 14:10:17,906 - INFO - Epoch  78 | Train Loss: 0.052963 | Val Loss: 0.053497
2025-07-01 14:10:17,906 - INFO - Epoch  79 | Train Loss: 0.053073 | Val Loss: 0.053812
2025-07-01 14:10:17,906 - INFO - Epoch  80 | Train Loss: 0.052725 | Val Loss: 0.053659
2025-07-01 14:10:17,906 - INFO - Epoch  81 | Train Loss: 0.052514 | Val Loss: 0.053271
2025-07-01 14:10:17,906 - INFO - Epoch  82 | Train Loss: 0.052557 | Val Loss: 0.053117
2025-07-01 14:10:17,906 - INFO - Epoch  83 | Train Loss: 0.052434 | Val Loss: 0.053203
2025-07-01 14:10:17,906 - INFO - Epoch  84 | Train Loss: 0.052411 | Val Loss: 0.053218
2025-07-01 14:10:17,906 - INFO - Epoch  85 | Train Loss: 0.052372 | Val Loss: 0.053681
2025-07-01 14:10:17,906 - INFO - Epoch  86 | Train Loss: 0.052533 | Val Loss: 0.054860
2025-07-01 14:10:17,906 - INFO - Epoch  87 | Train Loss: 0.052457 | Val Loss: 0.054237
2025-07-01 14:10:17,906 - INFO - Epoch  88 | Train Loss: 0.052128 | Val Loss: 0.052658
2025-07-01 14:10:17,906 - INFO - Epoch  89 | Train Loss: 0.052241 | Val Loss: 0.053754
2025-07-01 14:10:17,906 - INFO - Epoch  90 | Train Loss: 0.052155 | Val Loss: 0.052527
2025-07-01 14:10:17,906 - INFO - Epoch  91 | Train Loss: 0.052299 | Val Loss: 0.053306
2025-07-01 14:10:17,906 - INFO - Epoch  92 | Train Loss: 0.052382 | Val Loss: 0.053293
2025-07-01 14:10:17,906 - INFO - Epoch  93 | Train Loss: 0.052012 | Val Loss: 0.054229
2025-07-01 14:10:17,906 - INFO - Epoch  94 | Train Loss: 0.052245 | Val Loss: 0.052951
2025-07-01 14:10:17,906 - INFO - Epoch  95 | Train Loss: 0.052255 | Val Loss: 0.053311
2025-07-01 14:10:17,906 - INFO - Epoch  96 | Train Loss: 0.052111 | Val Loss: 0.053151
2025-07-01 14:10:17,906 - INFO - Epoch  97 | Train Loss: 0.051908 | Val Loss: 0.052590
2025-07-01 14:10:17,906 - INFO - Epoch  98 | Train Loss: 0.052089 | Val Loss: 0.052980
2025-07-01 14:10:17,906 - INFO - Epoch  99 | Train Loss: 0.052251 | Val Loss: 0.052727
2025-07-01 14:10:17,906 - INFO - Epoch 100 | Train Loss: 0.052331 | Val Loss: 0.053709
2025-07-01 14:10:17,906 - INFO - Epoch 101 | Train Loss: 0.050503 | Val Loss: 0.051543
2025-07-01 14:10:17,906 - INFO - Epoch 102 | Train Loss: 0.050632 | Val Loss: 0.051667
2025-07-01 14:10:17,906 - INFO - Epoch 103 | Train Loss: 0.050390 | Val Loss: 0.051408
2025-07-01 14:10:17,906 - INFO - Epoch 104 | Train Loss: 0.050435 | Val Loss: 0.051484
2025-07-01 14:10:17,906 - INFO - Epoch 105 | Train Loss: 0.050561 | Val Loss: 0.051751
2025-07-01 14:10:17,906 - INFO - Epoch 106 | Train Loss: 0.050530 | Val Loss: 0.051474
2025-07-01 14:10:17,906 - INFO - Epoch 107 | Train Loss: 0.050325 | Val Loss: 0.051614
2025-07-01 14:10:17,906 - INFO - Epoch 108 | Train Loss: 0.050113 | Val Loss: 0.051839
2025-07-01 14:10:17,906 - INFO - Epoch 109 | Train Loss: 0.050237 | Val Loss: 0.051671
2025-07-01 14:10:17,907 - INFO - Epoch 110 | Train Loss: 0.050227 | Val Loss: 0.051681
2025-07-01 14:10:17,907 - INFO - Epoch 111 | Train Loss: 0.050061 | Val Loss: 0.051496
2025-07-01 14:10:17,907 - INFO - Epoch 112 | Train Loss: 0.050438 | Val Loss: 0.050974
2025-07-01 14:10:17,907 - INFO - Epoch 113 | Train Loss: 0.050396 | Val Loss: 0.050763
2025-07-01 14:10:17,907 - INFO - Epoch 114 | Train Loss: 0.050444 | Val Loss: 0.052088
2025-07-01 14:10:17,907 - INFO - Epoch 115 | Train Loss: 0.050332 | Val Loss: 0.051549
2025-07-01 14:10:17,907 - INFO - Epoch 116 | Train Loss: 0.049993 | Val Loss: 0.051588
2025-07-01 14:10:17,907 - INFO - Epoch 117 | Train Loss: 0.050060 | Val Loss: 0.051785
2025-07-01 14:10:17,907 - INFO - Epoch 118 | Train Loss: 0.050153 | Val Loss: 0.051352
2025-07-01 14:10:17,907 - INFO - Epoch 119 | Train Loss: 0.050335 | Val Loss: 0.051397
2025-07-01 14:10:17,907 - INFO - Epoch 120 | Train Loss: 0.050217 | Val Loss: 0.052036
2025-07-01 14:10:17,907 - INFO - Epoch 121 | Train Loss: 0.050363 | Val Loss: 0.050718
2025-07-01 14:10:17,907 - INFO - Epoch 122 | Train Loss: 0.050232 | Val Loss: 0.050593
2025-07-01 14:10:17,907 - INFO - Epoch 123 | Train Loss: 0.050132 | Val Loss: 0.051830
2025-07-01 14:10:17,907 - INFO - Epoch 124 | Train Loss: 0.050144 | Val Loss: 0.051016
2025-07-01 14:10:17,907 - INFO - Epoch 125 | Train Loss: 0.050264 | Val Loss: 0.051933
2025-07-01 14:10:17,907 - INFO - Epoch 126 | Train Loss: 0.050451 | Val Loss: 0.051335
2025-07-01 14:10:17,907 - INFO - Epoch 127 | Train Loss: 0.050274 | Val Loss: 0.051928
2025-07-01 14:10:17,907 - INFO - Epoch 128 | Train Loss: 0.050252 | Val Loss: 0.051442
2025-07-01 14:10:17,907 - INFO - Epoch 129 | Train Loss: 0.050402 | Val Loss: 0.051292
2025-07-01 14:10:17,907 - INFO - Epoch 130 | Train Loss: 0.050405 | Val Loss: 0.051715
2025-07-01 14:10:17,907 - INFO - Epoch 131 | Train Loss: 0.050047 | Val Loss: 0.051581
2025-07-01 14:10:17,907 - INFO - Epoch 132 | Train Loss: 0.050155 | Val Loss: 0.051410
2025-07-01 14:10:17,907 - INFO - Epoch 133 | Train Loss: 0.050315 | Val Loss: 0.051871
2025-07-01 14:10:17,907 - INFO - Epoch 134 | Train Loss: 0.050205 | Val Loss: 0.051464
2025-07-01 14:10:17,907 - INFO - Epoch 135 | Train Loss: 0.050166 | Val Loss: 0.051253
2025-07-01 14:10:17,907 - INFO - Epoch 136 | Train Loss: 0.050231 | Val Loss: 0.051547
2025-07-01 14:10:17,907 - INFO - Epoch 137 | Train Loss: 0.050229 | Val Loss: 0.051984
2025-07-01 14:10:17,907 - INFO - Epoch 138 | Train Loss: 0.049984 | Val Loss: 0.052031
2025-07-01 14:10:17,907 - INFO - Epoch 139 | Train Loss: 0.050053 | Val Loss: 0.051985
2025-07-01 14:10:17,907 - INFO - Epoch 140 | Train Loss: 0.050117 | Val Loss: 0.051899
2025-07-01 14:10:17,907 - INFO - Epoch 141 | Train Loss: 0.050148 | Val Loss: 0.051720
2025-07-01 14:10:17,907 - INFO - Epoch 142 | Train Loss: 0.050239 | Val Loss: 0.051671
2025-07-01 14:10:17,907 - INFO - Epoch 143 | Train Loss: 0.050171 | Val Loss: 0.051064
2025-07-01 14:10:17,907 - INFO - Epoch 144 | Train Loss: 0.050164 | Val Loss: 0.051927
2025-07-01 14:10:17,907 - INFO - Epoch 145 | Train Loss: 0.050077 | Val Loss: 0.051411
2025-07-01 14:10:17,907 - INFO - Epoch 146 | Train Loss: 0.050203 | Val Loss: 0.051350
2025-07-01 14:10:17,907 - INFO - Epoch 147 | Train Loss: 0.050254 | Val Loss: 0.051212
2025-07-01 14:10:17,907 - INFO - Epoch 148 | Train Loss: 0.050134 | Val Loss: 0.051564
2025-07-01 14:10:17,907 - INFO - Epoch 149 | Train Loss: 0.050011 | Val Loss: 0.051427
2025-07-01 14:10:17,908 - INFO - Epoch 150 | Train Loss: 0.050259 | Val Loss: 0.051530
2025-07-01 14:10:17,908 - INFO - Epoch 151 | Train Loss: 0.050234 | Val Loss: 0.051370
2025-07-01 14:10:17,908 - INFO - Epoch 152 | Train Loss: 0.050283 | Val Loss: 0.051449
2025-07-01 14:10:17,908 - INFO - Epoch 153 | Train Loss: 0.050258 | Val Loss: 0.052263
2025-07-01 14:10:17,908 - INFO - Epoch 154 | Train Loss: 0.049943 | Val Loss: 0.052039
2025-07-01 14:10:17,908 - INFO - Epoch 155 | Train Loss: 0.050069 | Val Loss: 0.051532
2025-07-01 14:10:17,908 - INFO - Epoch 156 | Train Loss: 0.050281 | Val Loss: 0.051521
2025-07-01 14:10:17,908 - INFO - Epoch 157 | Train Loss: 0.050207 | Val Loss: 0.051126
2025-07-01 14:10:17,908 - INFO - Epoch 158 | Train Loss: 0.050073 | Val Loss: 0.051771
2025-07-01 14:10:17,908 - INFO - Epoch 159 | Train Loss: 0.050134 | Val Loss: 0.051372
2025-07-01 14:10:17,908 - INFO - Epoch 160 | Train Loss: 0.050475 | Val Loss: 0.051208
2025-07-01 14:10:17,908 - INFO - Epoch 161 | Train Loss: 0.050200 | Val Loss: 0.051333
2025-07-01 14:10:17,908 - INFO - Epoch 162 | Train Loss: 0.050209 | Val Loss: 0.051519
2025-07-01 14:10:17,908 - INFO - Epoch 163 | Train Loss: 0.050042 | Val Loss: 0.051594
2025-07-01 14:10:17,908 - INFO - Epoch 164 | Train Loss: 0.050120 | Val Loss: 0.051843
2025-07-01 14:10:17,908 - INFO - Epoch 165 | Train Loss: 0.050258 | Val Loss: 0.051508
2025-07-01 14:10:17,908 - INFO - Epoch 166 | Train Loss: 0.050241 | Val Loss: 0.050747
2025-07-01 14:10:17,908 - INFO - Epoch 167 | Train Loss: 0.050057 | Val Loss: 0.051645
2025-07-01 14:10:17,908 - INFO - Epoch 168 | Train Loss: 0.050102 | Val Loss: 0.051546
2025-07-01 14:10:17,908 - INFO - Epoch 169 | Train Loss: 0.050271 | Val Loss: 0.051970
2025-07-01 14:10:17,908 - INFO - Epoch 170 | Train Loss: 0.050031 | Val Loss: 0.051579
2025-07-01 14:10:17,908 - INFO - Epoch 171 | Train Loss: 0.050193 | Val Loss: 0.051031
2025-07-01 14:10:17,908 - INFO - Epoch 172 | Train Loss: 0.050274 | Val Loss: 0.050959
2025-07-01 14:10:17,908 - INFO - Epoch 173 | Train Loss: 0.050102 | Val Loss: 0.050815
2025-07-01 14:10:17,908 - INFO - Epoch 174 | Train Loss: 0.050193 | Val Loss: 0.051065
2025-07-01 14:10:17,908 - INFO - Epoch 175 | Train Loss: 0.050000 | Val Loss: 0.051166
2025-07-01 14:10:17,908 - INFO - Epoch 176 | Train Loss: 0.050052 | Val Loss: 0.051502
2025-07-01 14:10:17,908 - INFO - Epoch 177 | Train Loss: 0.050282 | Val Loss: 0.051975
2025-07-01 14:10:17,908 - INFO - Epoch 178 | Train Loss: 0.050390 | Val Loss: 0.051307
2025-07-01 14:10:17,908 - INFO - Epoch 179 | Train Loss: 0.049994 | Val Loss: 0.051977
2025-07-01 14:10:17,908 - INFO - Epoch 180 | Train Loss: 0.050041 | Val Loss: 0.051958
2025-07-01 14:10:17,908 - INFO - Epoch 181 | Train Loss: 0.050100 | Val Loss: 0.051432
2025-07-01 14:10:17,908 - INFO - Epoch 182 | Train Loss: 0.050163 | Val Loss: 0.051826
2025-07-01 14:10:17,908 - INFO - Epoch 183 | Train Loss: 0.050137 | Val Loss: 0.051479
2025-07-01 14:10:17,908 - INFO - Epoch 184 | Train Loss: 0.050237 | Val Loss: 0.051895
2025-07-01 14:10:17,908 - INFO - Epoch 185 | Train Loss: 0.050078 | Val Loss: 0.051140
2025-07-01 14:10:17,908 - INFO - Epoch 186 | Train Loss: 0.050334 | Val Loss: 0.051525
2025-07-01 14:10:17,908 - INFO - Epoch 187 | Train Loss: 0.049977 | Val Loss: 0.051519
2025-07-01 14:10:17,908 - INFO - Epoch 188 | Train Loss: 0.050237 | Val Loss: 0.051634
2025-07-01 14:10:17,908 - INFO - Epoch 189 | Train Loss: 0.049915 | Val Loss: 0.051458
2025-07-01 14:10:17,909 - INFO - Epoch 190 | Train Loss: 0.050250 | Val Loss: 0.051604
2025-07-01 14:10:17,909 - INFO - Epoch 191 | Train Loss: 0.049921 | Val Loss: 0.051062
2025-07-01 14:10:17,909 - INFO - Epoch 192 | Train Loss: 0.050092 | Val Loss: 0.051721
2025-07-01 14:10:17,909 - INFO - Epoch 193 | Train Loss: 0.050340 | Val Loss: 0.051456
2025-07-01 14:10:17,909 - INFO - Epoch 194 | Train Loss: 0.050030 | Val Loss: 0.050846
2025-07-01 14:10:17,909 - INFO - Epoch 195 | Train Loss: 0.050234 | Val Loss: 0.051410
2025-07-01 14:10:17,909 - INFO - Epoch 196 | Train Loss: 0.050204 | Val Loss: 0.051352
2025-07-01 14:10:17,909 - INFO - Epoch 197 | Train Loss: 0.050149 | Val Loss: 0.051245
2025-07-01 14:10:17,909 - INFO - Epoch 198 | Train Loss: 0.050162 | Val Loss: 0.051310
2025-07-01 14:10:17,909 - INFO - Epoch 199 | Train Loss: 0.050143 | Val Loss: 0.051227
2025-07-01 14:10:17,909 - INFO - Epoch 200 | Train Loss: 0.050152 | Val Loss: 0.051418
2025-07-01 14:10:17,909 - INFO - Epoch 201 | Train Loss: 0.050115 | Val Loss: 0.051387
2025-07-01 14:10:17,909 - INFO - Epoch 202 | Train Loss: 0.049863 | Val Loss: 0.050649
2025-07-01 14:10:17,909 - INFO - Epoch 203 | Train Loss: 0.049964 | Val Loss: 0.050857
2025-07-01 14:10:17,909 - INFO - Epoch 204 | Train Loss: 0.049919 | Val Loss: 0.050627
2025-07-01 14:10:17,909 - INFO - Epoch 205 | Train Loss: 0.050035 | Val Loss: 0.050747
2025-07-01 14:10:17,909 - INFO - Epoch 206 | Train Loss: 0.050026 | Val Loss: 0.051281
2025-07-01 14:10:17,909 - INFO - Epoch 207 | Train Loss: 0.050001 | Val Loss: 0.051069
2025-07-01 14:10:17,909 - INFO - Epoch 208 | Train Loss: 0.049954 | Val Loss: 0.050767
2025-07-01 14:10:17,909 - INFO - Epoch 209 | Train Loss: 0.050059 | Val Loss: 0.051010
2025-07-01 14:10:17,909 - INFO - Epoch 210 | Train Loss: 0.050097 | Val Loss: 0.051504
2025-07-01 14:10:17,909 - INFO - Epoch 211 | Train Loss: 0.049987 | Val Loss: 0.051006
2025-07-01 14:10:17,909 - INFO - Epoch 212 | Train Loss: 0.049855 | Val Loss: 0.051689
2025-07-01 14:10:17,909 - INFO - Epoch 213 | Train Loss: 0.049915 | Val Loss: 0.051305
2025-07-01 14:10:17,909 - INFO - Epoch 214 | Train Loss: 0.049880 | Val Loss: 0.051083
2025-07-01 14:10:17,909 - INFO - Epoch 215 | Train Loss: 0.049820 | Val Loss: 0.050971
2025-07-01 14:10:17,909 - INFO - Epoch 216 | Train Loss: 0.049908 | Val Loss: 0.050815
2025-07-01 14:10:17,909 - INFO - Epoch 217 | Train Loss: 0.049857 | Val Loss: 0.051559
2025-07-01 14:10:17,909 - INFO - Epoch 218 | Train Loss: 0.050079 | Val Loss: 0.051136
2025-07-01 14:10:17,909 - INFO - Epoch 219 | Train Loss: 0.050032 | Val Loss: 0.051376
2025-07-01 14:10:17,909 - INFO - Epoch 220 | Train Loss: 0.049987 | Val Loss: 0.051631
2025-07-01 14:10:17,909 - INFO - Epoch 221 | Train Loss: 0.049898 | Val Loss: 0.050884
2025-07-01 14:10:17,909 - INFO - Epoch 222 | Train Loss: 0.050041 | Val Loss: 0.051928
2025-07-01 14:10:17,909 - INFO - Loss history saved to: output/data/training_loss.csv
